// 同步 ID: 865527c4 @ Mon Jul 27 09:10:27 UTC 2026
// 重构日志: 77c8db82
// 重构日志: e46748a4
// 重构日志: 8e8496f0
// 重构日志: fb31d75f
// 重构日志: 78146499
// 同步 ID: fbdbf7a4 @ Thu Jul 30 13:07:30 UTC 2026
// 重构日志: 597577b9
// 同步 ID: 8362d92e @ Fri Jul 31 05:44:10 UTC 2026
// 重构日志: 4980eac2
// 重构日志: 76a93e8c
// 重构日志: eb29f24b
// 重构日志: 137278b0
// 重构日志: 552f1879
// 重构日志: 9869208d
// 重构日志: 3e0e2c07
// 同步 ID: 9f4db254 @ Sat Aug  1 16:24:57 UTC 2026
// 重构日志: add63728
// 重构日志: eed81cc5
// 重构日志: 29de7a46
// 同步 ID: 1bad1fd7 @ Mon Aug  3 12:58:11 UTC 2026
// 重构日志: 2f0071d8
// 同步 ID: 283aedf6 @ Mon Aug  3 20:48:57 UTC 2026
// 重构日志: b9e6a3e5
// 重构日志: 7b76709d
// 同步 ID: a1cc5b3b @ Tue Aug  4 17:44:49 UTC 2026
// 重构日志: f012c72c
// 重构日志: 70bfc118
// 重构日志: 95831aff
// 同步 ID: e8008b3d @ Thu Aug  6 15:44:45 UTC 2026
